head	1.2;
access;
symbols
	OPENBSD_2_6:1.1.1.1.0.8
	OPENBSD_2_6_BASE:1.1.1.1
	OPENBSD_2_5:1.1.1.1.0.6
	OPENBSD_2_5_BASE:1.1.1.1
	OPENBSD_2_4:1.1.1.1.0.4
	OPENBSD_2_4_BASE:1.1.1.1
	OPENBSD_2_3:1.1.1.1.0.2
	OPENBSD_2_3_BASE:1.1.1.1
	LYNX_2_8:1.1.1.1
	LYNX:1.1.1;
locks; strict;
comment	@# @;


1.2
date	2000.03.25.18.17.19;	author maja;	state dead;
branches;
next	1.1;

1.1
date	98.03.11.17.48.08;	author maja;	state Exp;
branches
	1.1.1.1;
next	;

1.1.1.1
date	98.03.11.17.48.08;	author maja;	state Exp;
branches;
next	;


desc
@@


1.2
log
@Upgrade to Lynx 2.8.2. -moj
@
text
@$ v = 'f$verify(0)'
$!			VMSBUILD.COM for lpansi.c
$!
$!   Command file to build LPANSI.EXE on VMS systems.
$!
$!   19-Dec-1996	F.Macrides		macrides@@sci.wfeb.edu
$!	Initial version, for Lynx.
$!
$ ON CONTROL_Y THEN GOTO CLEANUP
$ ON ERROR THEN GOTO CLEANUP
$ proc = f$environment("PROCEDURE")
$ where = f$parse(proc,,,"DEVICE") + f$parse(proc,,,"DIRECTORY")
$ set default 'where'
$ write sys$output "Default directory:"
$ show default
$ write sys$output ""
$!
$!
$ if p1 .nes. ""
$   then
$      cc_opts = "/DEBUG/NOOPT"
$      link_opts = "/DEBUG"
$   else
$      cc_opts = ""
$      link_opts = ""
$ endif
$!
$ v1 = f$verify(1)
$!
$!	Build LPANSI.EXE
$!
$ v1 = 'f$verify(0)'
$ IF f$trnlnm("VAXCMSG") .eqs. "DECC$MSG" .or. -
     f$trnlnm("DECC$CC_DEFAULT") .eqs. "/DECC" .or. -
     f$trnlnm("DECC$CC_DEFAULT") .eqs. "/VAXC"
$ THEN
$  compiler := "DECC"
$  v1 = f$verify(1)
$! Compile with DECC:
$  cc := cc/decc/prefix=all 'cc_opts'
$  v1 = 'f$verify(0)'
$ ELSE
$  IF f$search("gnu_cc:[000000]gcclib.olb") .nes. ""
$  THEN
$   compiler := "GNUC"
$   v1 = f$verify(1)
$! Compile with GNUC:
$   cc := gcc 'cc_opts'
$   v1 = 'f$verify(0)'
$  ELSE
$   compiler := "VAXC"
$   v1 = f$verify(1)
$! Compile with VAXC:
$   cc := cc 'cc_opts'
$   v1 = 'f$verify(0)'
$  ENDIF
$ ENDIF
$ v1 = f$verify(1)
$!
$ cc lpansi
$!
$!	Link the objects and libaries.
$!
$ link/exe=lpansi.exe 'link_opts' -
lpansi.obj, -
sys$disk:[--.src]'compiler'.opt/opt
$ v1 = 'f$verify(0)'
$ CLEANUP:
$    v1 = 'f$verify(0)'
$    write sys$output "Default directory:"
$    show default
$    v1 = f$verify(v)
$ exit
@


1.1
log
@Initial revision
@
text
@@


1.1.1.1
log
@Lynx 2.8
@
text
@@
