head	1.2;
access;
symbols
	OPENBSD_5_5:1.1.1.2.0.12
	OPENBSD_5_5_BASE:1.1.1.2
	OPENBSD_5_4:1.1.1.2.0.8
	OPENBSD_5_4_BASE:1.1.1.2
	OPENBSD_5_3:1.1.1.2.0.6
	OPENBSD_5_3_BASE:1.1.1.2
	openssl_1_0_1_c:1.1.1.2
	OPENBSD_5_2:1.1.1.2.0.2
	OPENBSD_5_2_BASE:1.1.1.2
	OPENBSD_5_1_BASE:1.1.1.2
	OPENBSD_5_1:1.1.1.2.0.4
	openssl_1_0_0_f:1.1.1.2
	openssl_1_0_0_e:1.1.1.2
	OPENBSD_5_0:1.1.1.1.0.4
	OPENBSD_5_0_BASE:1.1.1.1
	OPENBSD_4_9:1.1.1.1.0.2
	OPENBSD_4_9_BASE:1.1.1.1
	openssh_1_0_0_a:1.1.1.1
	openssl:1.1.1;
locks; strict;
comment	@# @;


1.2
date	2014.04.13.15.25.35;	author miod;	state dead;
branches;
next	1.1;

1.1
date	2010.10.01.22.54.17;	author djm;	state Exp;
branches
	1.1.1.1;
next	;

1.1.1.1
date	2010.10.01.22.54.17;	author djm;	state Exp;
branches;
next	1.1.1.2;

1.1.1.2
date	2011.11.03.02.32.22;	author djm;	state Exp;
branches;
next	;


desc
@@


1.2
log
@Merge conflicts; remove MacOS, Netware, OS/2, VMS and Windows build machinery.
@
text
@$!
$! A few very basic tests for the 'ts' time stamping authority command.
$!
$
$	__arch := VAX
$	if f$getsyi("cpu") .ge. 128 then -
	   __arch = f$edit( f$getsyi( "ARCH_NAME"), "UPCASE")
$	if __arch .eqs. "" then __arch := UNK
$	exe_dir := sys$disk:[-.'__arch'.exe.apps]
$
$	openssl := mcr 'f$parse(exe_dir+"openssl.exe")'
$	OPENSSL_CONF := [-]CAtsa.cnf
$	! Because that's what ../apps/CA.sh really looks at
$	SSLEAY_CONFIG = "-config " + OPENSSL_CONF
$
$ error:
$	subroutine
$		write sys$error "TSA test failed!"
$		exit 3
$	endsubroutine
$
$ setup_dir:
$	subroutine
$
$		if f$search("tsa.dir") .nes ""
$		then
$			@@[-.util]deltree [.tsa]*.*
$ 			set file/prot=(S:RWED,O:RWED,G:RWED,W:RWED) tsa.dir;*
$ 			delete tsa.dir;*
$		endif
$
$		create/dir [.tsa]
$		set default [.tsa]
$	endsubroutine
$
$ clean_up_dir:
$	subroutine
$
$		set default [-]
$		@@[-.util]deltree [.tsa]*.*
$ 		set file/prot=(S:RWED,O:RWED,G:RWED,W:RWED) tsa.dir;*
$ 		delete tsa.dir;*
$	endsubroutine
$
$ create_ca:
$	subroutine
$
$		write sys$output "Creating a new CA for the TSA tests..."
$		TSDNSECT = "ts_ca_dn"
$		openssl req -new -x509 -nodes -
			-out tsaca.pem -keyout tsacakey.pem
$		if $severity .ne. 1 then call error
$	endsubroutine
$
$ create_tsa_cert:
$	subroutine
$
$		INDEX=p1
$		EXT=p2
$		TSDNSECT = "ts_cert_dn"
$
$		openssl req -new -
			-out tsa_req'INDEX'.pem -keyout tsa_key'INDEX'.pem
$		if $severity .ne. 1 then call error
$
$		write sys$output "Using extension ''EXT'"
$		openssl x509 -req -
			-in tsa_req'INDEX'.pem -out tsa_cert'INDEX'.pem -
			"-CA" tsaca.pem "-CAkey" tsacakey.pem "-CAcreateserial" -
			-extfile 'OPENSSL_CONF' -extensions "''EXT'"
$		if $severity .ne. 1 then call error
$	endsubroutine
$
$ print_request:
$	subroutine
$
$		openssl ts -query -in 'p1' -text
$	endsubroutine
$
$ create_time_stamp_request1: subroutine
$
$		openssl ts -query -data [-]testtsa.com -policy tsa_policy1 -
			-cert -out req1.tsq
$		if $severity .ne. 1 then call error
$	endsubroutine
$
$ create_time_stamp_request2: subroutine
$
$		openssl ts -query -data [-]testtsa.com -policy tsa_policy2 -
			-no_nonce -out req2.tsq
$		if $severity .ne. 1 then call error
$	endsubroutine
$
$ create_time_stamp_request3: subroutine
$
$		openssl ts -query -data [-]CAtsa.cnf -no_nonce -out req3.tsq
$		if $severity .ne. 1 then call error
$	endsubroutine
$
$ print_response:
$	subroutine
$
$		openssl ts -reply -in 'p1' -text
$		if $severity .ne. 1 then call error
$	endsubroutine
$
$ create_time_stamp_response:
$	subroutine
$
$		openssl ts -reply -section 'p3' -queryfile 'p1' -out 'p2'
$		if $severity .ne. 1 then call error
$	endsubroutine
$
$ time_stamp_response_token_test:
$	subroutine
$
$		RESPONSE2:='p2'.copy_tsr
$		TOKEN_DER:='p2'.token_der
$		openssl ts -reply -in 'p2' -out 'TOKEN_DER' -token_out
$		if $severity .ne. 1 then call error
$		openssl ts -reply -in 'TOKEN_DER' -token_in -out 'RESPONSE2'
$		if $severity .ne. 1 then call error
$		backup/compare 'RESPONSE2' 'p2'
$		if $severity .ne. 1 then call error
$		openssl ts -reply -in 'p2' -text -token_out
$		if $severity .ne. 1 then call error
$		openssl ts -reply -in 'TOKEN_DER' -token_in -text -token_out
$		if $severity .ne. 1 then call error
$		openssl ts -reply -queryfile 'p1' -text -token_out
$		if $severity .ne. 1 then call error
$	endsubroutine
$
$ verify_time_stamp_response:
$	subroutine
$
$		openssl ts -verify -queryfile 'p1' -in 'p2' -
			"-CAfile" tsaca.pem -untrusted tsa_cert1.pem
$		if $severity .ne. 1 then call error
$		openssl ts -verify -data 'p3' -in 'p2' -
			"-CAfile" tsaca.pem -untrusted tsa_cert1.pem
$		if $severity .ne. 1 then call error
$	endsubroutine
$
$ verify_time_stamp_token:
$	subroutine
$
$		! create the token from the response first
$		openssl ts -reply -in 'p2' -out 'p2'.token -token_out
$		if $severity .ne. 1 then call error
$		openssl ts -verify -queryfile 'p1' -in 'p2'.token -token_in -
			"-CAfile" tsaca.pem -untrusted tsa_cert1.pem
$		if $severity .ne. 1 then call error
$		openssl ts -verify -data 'p3' -in 'p2'.token -token_in -
			"-CAfile" tsaca.pem -untrusted tsa_cert1.pem
$		if $severity .ne. 1 then call error
$	endsubroutine
$
$ verify_time_stamp_response_fail:
$	subroutine
$
$		openssl ts -verify -queryfile 'p1' -in 'p2' -
			"-CAfile" tsaca.pem -untrusted tsa_cert1.pem
$		! Checks if the verification failed, as it should have.
$		if $severity .eq. 1 then call error
$		write sys$output "Ok"
$	endsubroutine
$
$	! Main body ----------------------------------------------------------
$
$	write sys$output "Setting up TSA test directory..."
$	call setup_dir
$
$	write sys$output "Creating CA for TSA tests..."
$	call create_ca
$
$	write sys$output "Creating tsa_cert1.pem TSA server cert..."
$	call create_tsa_cert 1 "tsa_cert"
$
$	write sys$output "Creating tsa_cert2.pem non-TSA server cert..."
$	call create_tsa_cert 2 "non_tsa_cert"
$
$	write sys$output "Creating req1.req time stamp request for file testtsa..."
$	call create_time_stamp_request1
$
$	write sys$output "Printing req1.req..."
$	call print_request req1.tsq
$
$	write sys$output "Generating valid response for req1.req..."
$	call create_time_stamp_response req1.tsq resp1.tsr tsa_config1
$
$	write sys$output "Printing response..."
$	call print_response resp1.tsr
$
$	write sys$output "Verifying valid response..."
$	call verify_time_stamp_response req1.tsq resp1.tsr [-]testtsa.com
$
$	write sys$output "Verifying valid token..."
$	call verify_time_stamp_token req1.tsq resp1.tsr [-]testtsa.com
$
$	! The tests below are commented out, because invalid signer certificates
$	! can no longer be specified in the config file.
$
$	! write sys$output "Generating _invalid_ response for req1.req..."
$	! call create_time_stamp_response req1.tsq resp1_bad.tsr tsa_config2
$
$	! write sys$output "Printing response..."
$	! call print_response resp1_bad.tsr
$
$	! write sys$output "Verifying invalid response, it should fail..."
$	! call verify_time_stamp_response_fail req1.tsq resp1_bad.tsr
$
$	write sys$output "Creating req2.req time stamp request for file testtsa..."
$	call create_time_stamp_request2
$
$	write sys$output "Printing req2.req..."
$	call print_request req2.tsq
$
$	write sys$output "Generating valid response for req2.req..."
$	call create_time_stamp_response req2.tsq resp2.tsr tsa_config1
$
$	write sys$output "Checking '-token_in' and '-token_out' options with '-reply'..."
$	call time_stamp_response_token_test req2.tsq resp2.tsr
$
$	write sys$output "Printing response..."
$	call print_response resp2.tsr
$
$	write sys$output "Verifying valid response..."
$	call verify_time_stamp_response req2.tsq resp2.tsr [-]testtsa.com
$
$	write sys$output "Verifying response against wrong request, it should fail..."
$	call verify_time_stamp_response_fail req1.tsq resp2.tsr
$
$	write sys$output "Verifying response against wrong request, it should fail..."
$	call verify_time_stamp_response_fail req2.tsq resp1.tsr
$
$	write sys$output "Creating req3.req time stamp request for file CAtsa.cnf..."
$	call create_time_stamp_request3
$
$	write sys$output "Printing req3.req..."
$	call print_request req3.tsq
$
$	write sys$output "Verifying response against wrong request, it should fail..."
$	call verify_time_stamp_response_fail req3.tsq resp1.tsr
$
$	write sys$output "Cleaning up..."
$	call clean_up_dir
$
$	exit
@


1.1
log
@Initial revision
@
text
@@


1.1.1.1
log
@import OpenSSL-1.0.0a
@
text
@@


1.1.1.2
log
@import OpenSSL 1.0.0e
@
text
@d5 1
a5 1
$	__arch = "VAX"
d8 2
a9 5
$	if __arch .eqs. "" then __arch = "UNK"
$!
$	if (p4 .eqs. "64") then __arch = __arch+ "_64"
$!
$	exe_dir = "sys$disk:[-.''__arch'.exe.apps]"
d11 2
a12 2
$	openssl = "mcr ''f$parse(exe_dir+"openssl.exe")'"
$	OPENSSL_CONF = "[-]CAtsa.cnf"
d117 2
a118 2
$		RESPONSE2 = p2+ "-copy_tsr"
$		TOKEN_DER = p2+ "-token_der"
d148 1
a148 1
$		openssl ts -reply -in "''p2'" -out "''p2'-token" -token_out
d150 2
a151 2
$		openssl ts -verify -queryfile "''p1'" -in "''p2'-token" -
		 -token_in "-CAfile" tsaca.pem -untrusted tsa_cert1.pem
d153 2
a154 2
$		openssl ts -verify -data "''p3'" -in "''p2'-token" -
		 -token_in "-CAfile" tsaca.pem -untrusted tsa_cert1.pem
a169 2
$	set noon
$
d186 1
a186 1
$	call print_request "req1.tsq"
d189 1
a189 1
$	call create_time_stamp_response "req1.tsq" "resp1.tsr" "tsa_config1"
d192 1
a192 1
$	call print_response "resp1.tsr"
d195 1
a195 1
$	call verify_time_stamp_response "req1.tsq" "resp1.tsr" "[-]testtsa.com"
d198 1
a198 1
$	call verify_time_stamp_token "req1.tsq" "resp1.tsr" "[-]testtsa.com"
d204 1
a204 1
$	! call create_time_stamp_response "req1.tsq" "resp1_bad.tsr" "tsa_config2"
d207 1
a207 1
$	! call print_response "resp1_bad.tsr"
d210 1
a210 1
$	! call verify_time_stamp_response_fail "req1.tsq" "resp1_bad.tsr"
d216 1
a216 1
$	call print_request "req2.tsq"
d219 1
a219 1
$	call create_time_stamp_response "req2.tsq" "resp2.tsr" "tsa_config1"
d222 1
a222 1
$	call time_stamp_response_token_test "req2.tsq" "resp2.tsr"
d225 1
a225 1
$	call print_response "resp2.tsr"
d228 1
a228 1
$	call verify_time_stamp_response "req2.tsq" "resp2.tsr" "[-]testtsa.com"
d231 1
a231 1
$	call verify_time_stamp_response_fail "req1.tsq" "resp2.tsr"
d234 1
a234 1
$	call verify_time_stamp_response_fail "req2.tsq" "resp1.tsr"
d240 1
a240 1
$	call print_request "req3.tsq"
d243 1
a243 1
$	call verify_time_stamp_response_fail "req3.tsq" "resp1.tsr"
a246 2
$
$	set on
@

