head	1.2;
access;
symbols
	OPENBSD_5_5:1.1.1.1.0.12
	OPENBSD_5_5_BASE:1.1.1.1
	OPENBSD_5_4:1.1.1.1.0.8
	OPENBSD_5_4_BASE:1.1.1.1
	OPENBSD_5_3:1.1.1.1.0.6
	OPENBSD_5_3_BASE:1.1.1.1
	openssl_1_0_1_c:1.1.1.1
	OPENBSD_5_2:1.1.1.1.0.2
	OPENBSD_5_2_BASE:1.1.1.1
	OPENBSD_5_1_BASE:1.1.1.1
	OPENBSD_5_1:1.1.1.1.0.4
	openssl_1_0_0_f:1.1.1.1
	openssl_1_0_0_e:1.1.1.1
	openssl:1.1.1;
locks; strict;
comment	@# @;


1.2
date	2014.04.13.15.25.34;	author miod;	state dead;
branches;
next	1.1;

1.1
date	2011.11.03.02.32.21;	author djm;	state Exp;
branches
	1.1.1.1;
next	;

1.1.1.1
date	2011.11.03.02.32.21;	author djm;	state Exp;
branches;
next	;


desc
@@


1.2
log
@Merge conflicts; remove MacOS, Netware, OS/2, VMS and Windows build machinery.
@
text
@$!
$! Analyze bntest output file.
$!
$! Exit status = 1 (success) if all tests passed,
$!               0 (warning) if any test failed.
$!
$! 2011-02-20 SMS.  Added code to skip "#" comments in the input file.
$!
$! 2010-04-05 SMS.  New.  Based (loosely) on perl code in bntest-vms.sh.
$!
$!                  Expect data like:
$!                        test test_name1
$!                        0
$!                        [...]
$!                        test test_name2
$!                        0
$!                        [...]
$!                        [...]
$!
$!                  Some tests have no following "0" lines.
$!
$ result_file_name = f$edit( p1, "TRIM")
$ if (result_file_name .eqs. "")
$ then
$     result_file_name = "bntest-vms.out"
$ endif
$!
$ fail = 0
$ passed = 0
$ tests = 0
$!
$ on control_c then goto tidy
$ on error then goto tidy
$!
$ open /read result_file 'result_file_name'
$!
$ read_loop:
$     read /end = read_loop_end /error = tidy result_file line
$     t1 = f$element( 0, " ", line)
$!
$!    Skip "#" comment lines.
$     if (f$extract( 0, 1, f$edit( line, "TRIM")) .eqs. "#") then -
       goto read_loop
$!
$     if (t1 .eqs. "test")
$     then
$         passed = passed+ 1
$         tests = tests+ 1
$         fail = 1
$         t2 = f$extract( 5, 1000, line)
$         write sys$output "verify ''t2'"
$     else
$         if (t1 .nes. "0")
$         then
$             write sys$output "Failed! bc: ''line'"
$             passed = passed- fail
$             fail = 0
$         endif
$     endif
$ goto read_loop
$ read_loop_end:
$ write sys$output "''passed'/''tests' tests passed"
$!
$ tidy:
$ if f$trnlnm( "result_file", "LNM$PROCESS_TABLE", , "SUPERVISOR", , "CONFINE")
$ then
$     close result_file
$ endif
$!
$ if ((tests .gt. 0) .and. (tests .eq. passed))
$ then
$    exit 1
$ else
$    exit 0
$ endif
$!
@


1.1
log
@Initial revision
@
text
@@


1.1.1.1
log
@import OpenSSL 1.0.0e
@
text
@@
