head	1.2;
access;
symbols
	OPENBSD_5_5:1.1.1.1.0.12
	OPENBSD_5_5_BASE:1.1.1.1
	OPENBSD_5_4:1.1.1.1.0.8
	OPENBSD_5_4_BASE:1.1.1.1
	OPENBSD_5_3:1.1.1.1.0.6
	OPENBSD_5_3_BASE:1.1.1.1
	openssl_1_0_1_c:1.1.1.1
	OPENBSD_5_2:1.1.1.1.0.2
	OPENBSD_5_2_BASE:1.1.1.1
	OPENBSD_5_1_BASE:1.1.1.1
	OPENBSD_5_1:1.1.1.1.0.4
	openssl_1_0_0_f:1.1.1.1
	openssl_1_0_0_e:1.1.1.1
	openssl:1.1.1;
locks; strict;
comment	@# @;


1.2
date	2014.04.13.15.25.34;	author miod;	state dead;
branches;
next	1.1;

1.1
date	2011.11.03.02.32.21;	author djm;	state Exp;
branches
	1.1.1.1;
next	;

1.1.1.1
date	2011.11.03.02.32.21;	author djm;	state Exp;
branches;
next	;


desc
@@


1.2
log
@Merge conflicts; remove MacOS, Netware, OS/2, VMS and Windows build machinery.
@
text
@$!
$! Delete various test results files.
$!
$ def_orig = f$environment( "default")
$ proc = f$environment( "procedure")
$ proc_dev_dir = f$parse( "A.;", proc) - "A.;"
$!
$ on control_c then goto tidy
$ on error then goto tidy
$!
$ set default 'proc_dev_dir'
$!
$ files := *.cms;*, *.srl;*, *.ss;*, -
   cms.err;*, cms.out;*, newreq.pem;*, -
   p.txt-zlib-cipher;*, -
   smtst.txt;*, testkey.pem;*, testreq.pem;*, -
   test_*.err;*, test_*.out;*, -
   .rnd;*
$!
$ delim = ","
$ i = 0
$ loop:
$    file = f$edit( f$element( i, delim, files), "trim")
$    if (file .eqs. delim) then goto loop_end
$    if (f$search( file) .nes. "") then -
      delete 'p1' 'file'
$    i = i+ 1
$ goto loop
$ loop_end:
$!
$ tidy:
$ 
$ if (f$type( def_orig) .nes. "") then -
   set default 'def_orig'
$!
@


1.1
log
@Initial revision
@
text
@@


1.1.1.1
log
@import OpenSSL 1.0.0e
@
text
@@
