head	1.2;
access;
symbols
	OPENBSD_2_5:1.1.1.1.0.4
	OPENBSD_2_5_BASE:1.1.1.1
	OPENBSD_2_4:1.1.1.1.0.2
	OPENBSD_2_4_BASE:1.1.1.1
	SSLeay_0_9_0b:1.1.1.1
	SSLeay:1.1.1;
locks; strict;
comment	@# @;


1.2
date	99.09.29.04.35.24;	author beck;	state dead;
branches;
next	1.1;

1.1
date	98.10.05.20.12.33;	author ryker;	state Exp;
branches
	1.1.1.1;
next	;

1.1.1.1
date	98.10.05.20.12.33;	author ryker;	state Exp;
branches;
next	;


desc
@@


1.2
log
@OpenSSL 0.9.4 merge
@
text
@$!
$! Compile crypto.c as several subset modules and insert in crypto-xxx.olb.
$! If P1 is specifed, it specifies alternate list of subsets to compile.
$!
$ libname = "CRYPTO-AXP.OLB"
$ subset_list = "LIB,ASN1,BN,BUFFER,CONF,DES,DH,DSA,ERROR,EVP,IDEA,LHASH,MD," + -
	"METH,OBJECTS,PEM,RAND,RC,RSA,SHA,STACK,TXT_DB,X509"
$ if p1 .nes. "" then subset_list = p1
$!
$ if f$getsyi("CPU") .lt. 128 then libname = "CRYPTO-VAX.OLB"
$ if f$search(libname) .eqs. "" then library/create/object/log 'libname'
$!
$ cc = "cc/include=[-.include]/prefix=all" + P2
$!
$ i = 0
$ next_subset:
$    subset = f$element(i,",",subset_list)
$    if subset .eqs. "," then goto done
$    i = i + 1
$    create crypto_'subset'.subset
#include "crypto.c"
$    ofile = "sys$disk:[]crypto_" + subset + ".obj"
$    on warning then goto next_subset
$    write sys$output "Compiling ", ofile
$    cc /object='ofile' crypto_'subset'.subset -
	/define=(CRYPTO_SUBSET,CRYPTO_'subset'_SUBSET)
$    library/replace/log 'libname'/module=CRYPTO_'subset' 'ofile'
$    goto next_subset
$!
$ done:
$ exit
@


1.1
log
@Initial revision
@
text
@@


1.1.1.1
log
@Import of SSLeay-0.9.0b with RSA and IDEA stubbed + OpenBSD build
functionality for shared libs.

Note that routines such as sslv2_init and friends that use RSA will
not work due to lack of RSA in this library.

Needs documentation and help from ports for easy upgrade to full
functionality where legally possible.
@
text
@@
